// Jest Snapshot v1, https://goo.gl/fbAQLP

exports[`components/XYAxis matches the snapshot of the component 1`] = `
<g
  className="xy-axis"
>
  <g
    className="axis"
    transform="translate(0, 392)"
  />
  <g
    className="axis"
    transform="translate(8, 0)"
  />
</g>
`;
